[debug] [2023-11-17T01:26:15.855Z] ----------------------------------------------------------------------
[debug] [2023-11-17T01:26:15.856Z] Command:       /Users/caipei/.nvm/versions/node/v19.8.1/bin/node /Users/caipei/.nvm/versions/node/v19.8.1/bin/firebase deploy --only hosting
[debug] [2023-11-17T01:26:15.856Z] CLI Version:   12.4.2
[debug] [2023-11-17T01:26:15.857Z] Platform:      darwin
[debug] [2023-11-17T01:26:15.857Z] Node Version:  v19.8.1
[debug] [2023-11-17T01:26:15.857Z] Time:          Fri Nov 17 2023 09:26:15 GMT+0800 (China Standard Time)
[debug] [2023-11-17T01:26:15.857Z] ----------------------------------------------------------------------
[debug] 
[debug] [2023-11-17T01:26:15.892Z] > command requires scopes: ["email","openid","https://www.googleapis.com/auth/cloudplatformprojects.readonly","https://www.googleapis.com/auth/firebase","https://www.googleapis.com/auth/cloud-platform"]
[debug] [2023-11-17T01:26:15.892Z] > authorizing via signed-in user (fancaipei@gmail.com)
[debug] [2023-11-17T01:26:15.892Z] [iam] checking project paywithcrypto-9283c for permissions ["firebase.projects.get","firebasehosting.sites.update"]
[debug] [2023-11-17T01:26:15.893Z] >>> [apiv2][query] POST https://cloudresourcemanager.googleapis.com/v1/projects/paywithcrypto-9283c:testIamPermissions [none]
[debug] [2023-11-17T01:26:15.893Z] >>> [apiv2][(partial)header] POST https://cloudresourcemanager.googleapis.com/v1/projects/paywithcrypto-9283c:testIamPermissions x-goog-quota-user=projects/paywithcrypto-9283c
[debug] [2023-11-17T01:26:15.893Z] >>> [apiv2][body] POST https://cloudresourcemanager.googleapis.com/v1/projects/paywithcrypto-9283c:testIamPermissions {"permissions":["firebase.projects.get","firebasehosting.sites.update"]}
[debug] [2023-11-17T01:27:31.356Z] [iam] error while checking permissions, command may fail: FirebaseError: Failed to make request to https://cloudresourcemanager.googleapis.com/v1/projects/paywithcrypto-9283c:testIamPermissions
[debug] [2023-11-17T01:27:31.358Z] >>> [apiv2][query] GET https://firebase.googleapis.com/v1beta1/projects/paywithcrypto-9283c [none]
[debug] [2023-11-17T01:28:01.361Z] Timeout reached making request to https://firebase.googleapis.com/v1beta1/projects/paywithcrypto-9283c (original: The user aborted a request.)
[debug] [2023-11-17T01:28:02.022Z] FirebaseError: Timeout reached making request to https://firebase.googleapis.com/v1beta1/projects/paywithcrypto-9283c
    at RetryOperation._fn (/Users/caipei/.nvm/versions/node/v19.8.1/lib/node_modules/firebase-tools/lib/apiv2.js:238:35)
    at process.processTicksAndRejections (node:internal/process/task_queues:95:5)
[error] 
[error] Error: Failed to get Firebase project paywithcrypto-9283c. Please make sure the project exists and your account has permission to access it.
