[debug] [2023-11-14T01:48:27.415Z] ----------------------------------------------------------------------
[debug] [2023-11-14T01:48:27.417Z] Command:       /Users/caipei/.nvm/versions/node/v19.8.1/bin/node /Users/caipei/.nvm/versions/node/v19.8.1/bin/firebase login
[debug] [2023-11-14T01:48:27.417Z] CLI Version:   12.4.2
[debug] [2023-11-14T01:48:27.418Z] Platform:      darwin
[debug] [2023-11-14T01:48:27.418Z] Node Version:  v19.8.1
[debug] [2023-11-14T01:48:27.418Z] Time:          Tue Nov 14 2023 09:48:27 GMT+0800 (China Standard Time)
[debug] [2023-11-14T01:48:27.418Z] ----------------------------------------------------------------------
[debug] 
[debug] [2023-11-14T01:48:27.420Z] >>> [apiv2][query] GET https://firebase-public.firebaseio.com/cli.json [none]
[info] Already logged in as fancaipei@gmail.com
[debug] [2023-11-14T01:48:28.323Z] <<< [apiv2][status] GET https://firebase-public.firebaseio.com/cli.json 200
[debug] [2023-11-14T01:48:28.324Z] <<< [apiv2][body] GET https://firebase-public.firebaseio.com/cli.json {"cloudBuildErrorAfter":1594252800000,"cloudBuildWarnAfter":1590019200000,"defaultNode10After":1594252800000,"minVersion":"3.0.5","node8DeploysDisabledAfter":1613390400000,"node8RuntimeDisabledAfter":1615809600000,"node8WarnAfter":1600128000000}
[debug] [2023-11-14T01:48:37.456Z] Error: Timed out.
    at Timeout._onTimeout (/Users/caipei/.nvm/versions/node/v19.8.1/lib/node_modules/firebase-tools/lib/utils.js:254:49)
    at listOnTimeout (node:internal/timers:573:17)
    at process.processTimers (node:internal/timers:514:7)
[error] 
[error] Error: An unexpected error has occurred.
[debug] [2023-11-14T01:48:48.123Z] ----------------------------------------------------------------------
[debug] [2023-11-14T01:48:48.124Z] Command:       /Users/caipei/.nvm/versions/node/v19.8.1/bin/node /Users/caipei/.nvm/versions/node/v19.8.1/bin/firebase init
[debug] [2023-11-14T01:48:48.125Z] CLI Version:   12.4.2
[debug] [2023-11-14T01:48:48.125Z] Platform:      darwin
[debug] [2023-11-14T01:48:48.125Z] Node Version:  v19.8.1
[debug] [2023-11-14T01:48:48.125Z] Time:          Tue Nov 14 2023 09:48:48 GMT+0800 (China Standard Time)
[debug] [2023-11-14T01:48:48.125Z] ----------------------------------------------------------------------
[debug] 
[debug] [2023-11-14T01:48:48.128Z] > command requires scopes: ["email","openid","https://www.googleapis.com/auth/cloudplatformprojects.readonly","https://www.googleapis.com/auth/firebase","https://www.googleapis.com/auth/cloud-platform"]
[debug] [2023-11-14T01:48:48.128Z] > authorizing via signed-in user (fancaipei@gmail.com)
[info] 
     ######## #### ########  ######## ########     ###     ######  ########
     ##        ##  ##     ## ##       ##     ##  ##   ##  ##       ##
     ######    ##  ########  ######   ########  #########  ######  ######
     ##        ##  ##    ##  ##       ##     ## ##     ##       ## ##
     ##       #### ##     ## ######## ########  ##     ##  ######  ########

You're about to initialize a Firebase project in this directory:

  /Users/caipei/MyProjects/buy-with-eth/portal

[debug] [2023-11-14T01:49:03.316Z] Error: Timed out.
    at Timeout._onTimeout (/Users/caipei/.nvm/versions/node/v19.8.1/lib/node_modules/firebase-tools/lib/utils.js:254:49)
    at listOnTimeout (node:internal/timers:573:17)
    at process.processTimers (node:internal/timers:514:7)
[error] 
[error] Error: An unexpected error has occurred.
[debug] [2023-11-14T01:49:25.684Z] ----------------------------------------------------------------------
[debug] [2023-11-14T01:49:25.686Z] Command:       /Users/caipei/.nvm/versions/node/v19.8.1/bin/node /Users/caipei/.nvm/versions/node/v19.8.1/bin/firebase init
[debug] [2023-11-14T01:49:25.686Z] CLI Version:   12.4.2
[debug] [2023-11-14T01:49:25.686Z] Platform:      darwin
[debug] [2023-11-14T01:49:25.686Z] Node Version:  v19.8.1
[debug] [2023-11-14T01:49:25.686Z] Time:          Tue Nov 14 2023 09:49:25 GMT+0800 (China Standard Time)
[debug] [2023-11-14T01:49:25.686Z] ----------------------------------------------------------------------
[debug] 
[debug] [2023-11-14T01:49:25.689Z] > command requires scopes: ["email","openid","https://www.googleapis.com/auth/cloudplatformprojects.readonly","https://www.googleapis.com/auth/firebase","https://www.googleapis.com/auth/cloud-platform"]
[debug] [2023-11-14T01:49:25.689Z] > authorizing via signed-in user (fancaipei@gmail.com)
[info] 
     ######## #### ########  ######## ########     ###     ######  ########
     ##        ##  ##     ## ##       ##     ##  ##   ##  ##       ##
     ######    ##  ########  ######   ########  #########  ######  ######
     ##        ##  ##    ##  ##       ##     ## ##     ##       ## ##
     ##       #### ##     ## ######## ########  ##     ##  ######  ########

You're about to initialize a Firebase project in this directory:

  /Users/caipei/MyProjects/buy-with-eth/portal

[debug] [2023-11-14T01:49:34.541Z] Error: Timed out.
    at Timeout._onTimeout (/Users/caipei/.nvm/versions/node/v19.8.1/lib/node_modules/firebase-tools/lib/utils.js:254:49)
    at listOnTimeout (node:internal/timers:573:17)
    at process.processTimers (node:internal/timers:514:7)
[error] 
[error] Error: An unexpected error has occurred.
[debug] [2023-11-14T01:49:41.772Z] ----------------------------------------------------------------------
[debug] [2023-11-14T01:49:41.774Z] Command:       /Users/caipei/.nvm/versions/node/v19.8.1/bin/node /Users/caipei/.nvm/versions/node/v19.8.1/bin/firebase init
[debug] [2023-11-14T01:49:41.774Z] CLI Version:   12.4.2
[debug] [2023-11-14T01:49:41.774Z] Platform:      darwin
[debug] [2023-11-14T01:49:41.774Z] Node Version:  v19.8.1
[debug] [2023-11-14T01:49:41.775Z] Time:          Tue Nov 14 2023 09:49:41 GMT+0800 (China Standard Time)
[debug] [2023-11-14T01:49:41.775Z] ----------------------------------------------------------------------
[debug] 
[debug] [2023-11-14T01:49:41.778Z] > command requires scopes: ["email","openid","https://www.googleapis.com/auth/cloudplatformprojects.readonly","https://www.googleapis.com/auth/firebase","https://www.googleapis.com/auth/cloud-platform"]
[debug] [2023-11-14T01:49:41.778Z] > authorizing via signed-in user (fancaipei@gmail.com)
[info] 
     ######## #### ########  ######## ########     ###     ######  ########
     ##        ##  ##     ## ##       ##     ##  ##   ##  ##       ##
     ######    ##  ########  ######   ########  #########  ######  ######
     ##        ##  ##    ##  ##       ##     ## ##     ##       ## ##
     ##       #### ##     ## ######## ########  ##     ##  ######  ########

You're about to initialize a Firebase project in this directory:

  /Users/caipei/MyProjects/buy-with-eth/portal

[info] 
=== Project Setup
[info] 
[info] First, let's associate this project directory with a Firebase project.
[info] You can create multiple project aliases by running firebase use --add, 
[info] but for now we'll just set up a default project.
[info] 
[debug] [2023-11-14T01:49:50.995Z] > refreshing access token with scopes: []
[debug] [2023-11-14T01:49:51.000Z] >>> [apiv2][query] POST https://www.googleapis.com/oauth2/v3/token [none]
[debug] [2023-11-14T01:49:51.000Z] >>> [apiv2][body] POST https://www.googleapis.com/oauth2/v3/token [omitted]
[debug] [2023-11-14T01:49:52.606Z] <<< [apiv2][status] POST https://www.googleapis.com/oauth2/v3/token 200
[debug] [2023-11-14T01:49:52.606Z] <<< [apiv2][body] POST https://www.googleapis.com/oauth2/v3/token [omitted]
[debug] [2023-11-14T01:49:52.625Z] >>> [apiv2][query] GET https://firebase.googleapis.com/v1beta1/projects pageSize=100
[debug] [2023-11-14T01:49:56.755Z] <<< [apiv2][status] GET https://firebase.googleapis.com/v1beta1/projects 200
[debug] [2023-11-14T01:49:56.755Z] <<< [apiv2][body] GET https://firebase.googleapis.com/v1beta1/projects [omitted]
[info] i  Using project paywithcrypto-9283c (payWithCrypto) 
[info] 
=== Hosting Setup
[info] 
[info] Your public directory is the folder (relative to your project directory) that
[info] will contain Hosting assets to be uploaded with firebase deploy. If you
[info] have a build process for your assets, use your build's output directory.
[info] 
[debug] [2023-11-14T01:50:28.268Z] >>> [apiv2][query] GET https://www.gstatic.com/firebasejs/releases.json [none]
[debug] [2023-11-14T01:50:29.800Z] <<< [apiv2][status] GET https://www.gstatic.com/firebasejs/releases.json 200
[debug] [2023-11-14T01:50:29.800Z] <<< [apiv2][body] GET https://www.gstatic.com/firebasejs/releases.json {"current":{"version":"10.6.0","browserURL":"https://www.gstatic.com/firebasejs/10.6.0/firebase.js","packageURL":"https://www.gstatic.com/firebasejs/10.6.0/firebase.tgz"},"live":{"version":"10.6","browserURL":"https://www.gstatic.com/firebasejs/live/10.6/firebase.js","packageURL":"https://www.gstatic.com/firebasejs/live/10.6/firebase.tgz"},"components":{"analytics":"https://www.gstatic.com/firebasejs/10.6.0/firebase-analytics.js","app":"https://www.gstatic.com/firebasejs/10.6.0/firebase-app.js","app-check":"https://www.gstatic.com/firebasejs/10.6.0/firebase-app-check.js","auth":"https://www.gstatic.com/firebasejs/10.6.0/firebase-auth.js","auth/cordova":"https://www.gstatic.com/firebasejs/10.6.0/firebase-auth/cordova.js","functions":"https://www.gstatic.com/firebasejs/10.6.0/firebase-functions.js","firestore":"https://www.gstatic.com/firebasejs/10.6.0/firebase-firestore.js","firestore/lite":"https://www.gstatic.com/firebasejs/10.6.0/firebase-firestore/lite.js","installations":"https://www.gstatic.com/firebasejs/10.6.0/firebase-installations.js","storage":"https://www.gstatic.com/firebasejs/10.6.0/firebase-storage.js","performance":"https://www.gstatic.com/firebasejs/10.6.0/firebase-performance.js","remote-config":"https://www.gstatic.com/firebasejs/10.6.0/firebase-remote-config.js","messaging":"https://www.gstatic.com/firebasejs/10.6.0/firebase-messaging.js","messaging/sw":"https://www.gstatic.com/firebasejs/10.6.0/firebase-messaging/sw.js","database":"https://www.gstatic.com/firebasejs/10.6.0/firebase-database.js","firestore.memory":"https://www.gstatic.com/firebasejs/10.6.0/firebase-firestore.memory.js"}}
[info] ✔  Wrote build/index.html 
[info] 
[info] i  Writing configuration info to firebase.json... 
[info] i  Writing project information to .firebaserc... 
[info] 
[info] ✔  Firebase initialization complete! 
[debug] [2023-11-14T01:50:39.819Z] Error: Timed out.
    at Timeout._onTimeout (/Users/caipei/.nvm/versions/node/v19.8.1/lib/node_modules/firebase-tools/lib/utils.js:254:49)
    at listOnTimeout (node:internal/timers:573:17)
    at process.processTimers (node:internal/timers:514:7)
[error] 
[error] Error: An unexpected error has occurred.
[debug] [2023-11-14T01:52:38.119Z] ----------------------------------------------------------------------
[debug] [2023-11-14T01:52:38.120Z] Command:       /Users/caipei/.nvm/versions/node/v19.8.1/bin/node /Users/caipei/.nvm/versions/node/v19.8.1/bin/firebase deploy --only hosting
[debug] [2023-11-14T01:52:38.120Z] CLI Version:   12.4.2
[debug] [2023-11-14T01:52:38.121Z] Platform:      darwin
[debug] [2023-11-14T01:52:38.121Z] Node Version:  v19.8.1
[debug] [2023-11-14T01:52:38.121Z] Time:          Tue Nov 14 2023 09:52:38 GMT+0800 (China Standard Time)
[debug] [2023-11-14T01:52:38.121Z] ----------------------------------------------------------------------
[debug] 
[debug] [2023-11-14T01:52:38.154Z] > command requires scopes: ["email","openid","https://www.googleapis.com/auth/cloudplatformprojects.readonly","https://www.googleapis.com/auth/firebase","https://www.googleapis.com/auth/cloud-platform"]
[debug] [2023-11-14T01:52:38.154Z] > authorizing via signed-in user (fancaipei@gmail.com)
[debug] [2023-11-14T01:52:38.154Z] [iam] checking project paywithcrypto-9283c for permissions ["firebase.projects.get","firebasehosting.sites.update"]
[debug] [2023-11-14T01:52:38.155Z] >>> [apiv2][query] POST https://cloudresourcemanager.googleapis.com/v1/projects/paywithcrypto-9283c:testIamPermissions [none]
[debug] [2023-11-14T01:52:38.156Z] >>> [apiv2][(partial)header] POST https://cloudresourcemanager.googleapis.com/v1/projects/paywithcrypto-9283c:testIamPermissions x-goog-quota-user=projects/paywithcrypto-9283c
[debug] [2023-11-14T01:52:38.156Z] >>> [apiv2][body] POST https://cloudresourcemanager.googleapis.com/v1/projects/paywithcrypto-9283c:testIamPermissions {"permissions":["firebase.projects.get","firebasehosting.sites.update"]}
[debug] [2023-11-14T01:52:39.922Z] <<< [apiv2][status] POST https://cloudresourcemanager.googleapis.com/v1/projects/paywithcrypto-9283c:testIamPermissions 200
[debug] [2023-11-14T01:52:39.923Z] <<< [apiv2][body] POST https://cloudresourcemanager.googleapis.com/v1/projects/paywithcrypto-9283c:testIamPermissions {"permissions":["firebase.projects.get","firebasehosting.sites.update"]}
[debug] [2023-11-14T01:52:39.925Z] >>> [apiv2][query] GET https://firebase.googleapis.com/v1beta1/projects/paywithcrypto-9283c [none]
[debug] [2023-11-14T01:52:41.916Z] <<< [apiv2][status] GET https://firebase.googleapis.com/v1beta1/projects/paywithcrypto-9283c 200
[debug] [2023-11-14T01:52:41.916Z] <<< [apiv2][body] GET https://firebase.googleapis.com/v1beta1/projects/paywithcrypto-9283c {"projectId":"paywithcrypto-9283c","projectNumber":"1698450909","displayName":"payWithCrypto","name":"projects/paywithcrypto-9283c","resources":{"hostingSite":"paywithcrypto-9283c","storageBucket":"paywithcrypto-9283c.appspot.com","locationId":"us-central"},"state":"ACTIVE","etag":"1_b205d2e0-9504-4462-a4a6-1c188b75cef7"}
[info] 
[info] === Deploying to 'paywithcrypto-9283c'...
[info] 
[info] i  deploying hosting 
[debug] [2023-11-14T01:52:41.923Z] >>> [apiv2][query] POST https://firebasehosting.googleapis.com/v1beta1/projects/-/sites/paywithcrypto-9283c/versions [none]
[debug] [2023-11-14T01:52:41.923Z] >>> [apiv2][body] POST https://firebasehosting.googleapis.com/v1beta1/projects/-/sites/paywithcrypto-9283c/versions {"status":"CREATED","labels":{"deployment-tool":"cli-firebase"}}
[debug] [2023-11-14T01:52:44.995Z] <<< [apiv2][status] POST https://firebasehosting.googleapis.com/v1beta1/projects/-/sites/paywithcrypto-9283c/versions 200
[debug] [2023-11-14T01:52:44.995Z] <<< [apiv2][body] POST https://firebasehosting.googleapis.com/v1beta1/projects/-/sites/paywithcrypto-9283c/versions {"name":"projects/1698450909/sites/paywithcrypto-9283c/versions/cfe72173699fec37","status":"CREATED","config":{},"labels":{"deployment-tool":"cli-firebase"}}
[info] i  hosting[paywithcrypto-9283c]: beginning deploy... 
[info] i  hosting[paywithcrypto-9283c]: found 23 files in build 
[debug] [2023-11-14T01:53:56.947Z] [hosting] uploading with 200 concurrency
[debug] [2023-11-14T01:53:56.949Z] [hosting] hash cache [YnVpbGQ] not populated
[debug] [2023-11-14T01:53:57.162Z] [hosting] hash cache [YnVpbGQ] stored for 23 files
[debug] [2023-11-14T01:53:57.162Z] [hosting][hash queue][FINAL] {"max":204,"min":9,"avg":20.217391304347824,"active":0,"complete":23,"success":23,"errored":0,"retried":0,"total":23,"elapsed":211}
[debug] [2023-11-14T01:53:57.162Z] >>> [apiv2][query] POST https://firebasehosting.googleapis.com/v1beta1/projects/1698450909/sites/paywithcrypto-9283c/versions/cfe72173699fec37:populateFiles [none]
[debug] [2023-11-14T01:53:57.162Z] >>> [apiv2][body] POST https://firebasehosting.googleapis.com/v1beta1/projects/1698450909/sites/paywithcrypto-9283c/versions/cfe72173699fec37:populateFiles {"files":{"/index.html":"c5695dfc7c3e65085b0aaccce72956ab11c95867679883d146b36d4bba81f73b","/asset-manifest.json":"5bca207a3bc06154e391bb4d7a687d813b78ae498ff7ee7022b81cb6ae6d8802","/favicon.ico":"1419dbfb0583a81e57de16dbbd2f1a88116c20ec739e47034094d7796a8e7a23","/logo192.png":"322c6bb14bd5f64eb52e4498566840e8c55c7b2312a099aed862dbeff8052aba","/static/css/main.d040ed55.css.map":"d0c2d3ba1a4fe0601dad4a18a7584ae0fbedce8c3398cb18cc77bb3a73736f42","/static/css/main.d040ed55.css":"e6efd0a1f1cbe552062d5e3c3e5c4e39692472bcdf72ad41e93d4f99aecce3f4","/static/js/787.fed13e9f.chunk.js":"1a90a455e1f1685599cd80f5bde84de1e5af89fa0181d283d36325a319912066","/static/js/main.f6520b0f.js.LICENSE.txt":"05abdee92e1de98be8250f72320db29d4def06af8c062873a8df31de9cae9b72","/logo512.png":"322c6bb14bd5f64eb52e4498566840e8c55c7b2312a099aed862dbeff8052aba","/static/js/787.fed13e9f.chunk.js.map":"3ce17ce4f9f8469a07489976a210e9e629b421529dcff999fe85d8e8b5fba0a3","/static/media/IntegrationDoc.6d4222b80a55fc343ffc.md":"5747decf248858501db14b6c9319d1d266eedb52ba6c65b9d2195e741fd7d7b4","/static/media/cryptocurrency-bitcoin-icon.d089e8fcb1e79811fe5a5d9df6fac4c7.svg":"aa1d3a690d348eb7f4f5d6f493f59001725cfa52f2c1707c4781608556052b96","/static/media/cliqz-icon.5601c7b332f52d5bcee8d402e13f3905.svg":"44632cde104c8b69c62784853be64fe98f6181862921c8a55b5c37390bb6acf4","/static/media/aws.cc38dbe9487d55943d42132de41bbf53.svg":"2fc97c9146e477bf673a38ff4f907ee52c8b587f65e94e7d2140da84deb9f03d","/static/media/dashboard-report-icon.73b4e969ff48b4558db2ef147981e30b.svg":"9a1645b78a6a5d79a38d5c2fee1bd1e5aa62c0e85a6519bd869570fabc57b5ea","/manifest.json":"341d52628782f8ac9290bbfc43298afccb47b7cbfcee146ae30cf0f46bc30900","/robots.txt":"391d14b3c2f8c9143a27a28c7399585142228d4d1bdbe2c87ac946de411fa9a2","/static/media/ethereum.5337a03fbbeca646eb532e549eea6051.svg":"db6c1f84df0dc75134dd5c97c3fe7dfbca728e42d21d47233b6ebed0b4b6b873","/static/media/google.a752048f91f0102c38eccddeb15760ae.svg":"5f640b56e4c61376de499e6b318ce5af7008b8d266486ef8973302d593ab5bea","/static/media/puzzle-icon.6d7679604c9f29988f9f96f7ebabb749.svg":"191826f17c2b3ae034fc36be13bebd5ed2ce4a679b5f539499592232a118f548","/static/media/token-icon.17b48969eea5089e0b4ca6ac6ba34572.svg":"9535a233dc47e41f84ecce2d9973b26858cdc8fed6279bd2d2c02f4df8e1f4f8","/static/js/main.f6520b0f.js":"0f3c566b5c690458cda4101e1b5951bdcbc18942a58eb01cf310ea5a077c1076","/static/js/main.f6520b0f.js.map":"ae34b73b2553706b592eefbe665fe893b68b0e1f38b571babff6b984a9d1b483"}}
[debug] [2023-11-14T01:53:59.335Z] <<< [apiv2][status] POST https://firebasehosting.googleapis.com/v1beta1/projects/1698450909/sites/paywithcrypto-9283c/versions/cfe72173699fec37:populateFiles 200
[debug] [2023-11-14T01:53:59.336Z] <<< [apiv2][body] POST https://firebasehosting.googleapis.com/v1beta1/projects/1698450909/sites/paywithcrypto-9283c/versions/cfe72173699fec37:populateFiles {"uploadRequiredHashes":["3ce17ce4f9f8469a07489976a210e9e629b421529dcff999fe85d8e8b5fba0a3","e6efd0a1f1cbe552062d5e3c3e5c4e39692472bcdf72ad41e93d4f99aecce3f4","9a1645b78a6a5d79a38d5c2fee1bd1e5aa62c0e85a6519bd869570fabc57b5ea","aa1d3a690d348eb7f4f5d6f493f59001725cfa52f2c1707c4781608556052b96","0f3c566b5c690458cda4101e1b5951bdcbc18942a58eb01cf310ea5a077c1076","1419dbfb0583a81e57de16dbbd2f1a88116c20ec739e47034094d7796a8e7a23","d0c2d3ba1a4fe0601dad4a18a7584ae0fbedce8c3398cb18cc77bb3a73736f42","1a90a455e1f1685599cd80f5bde84de1e5af89fa0181d283d36325a319912066","322c6bb14bd5f64eb52e4498566840e8c55c7b2312a099aed862dbeff8052aba","5747decf248858501db14b6c9319d1d266eedb52ba6c65b9d2195e741fd7d7b4","05abdee92e1de98be8250f72320db29d4def06af8c062873a8df31de9cae9b72","391d14b3c2f8c9143a27a28c7399585142228d4d1bdbe2c87ac946de411fa9a2","44632cde104c8b69c62784853be64fe98f6181862921c8a55b5c37390bb6acf4","ae34b73b2553706b592eefbe665fe893b68b0e1f38b571babff6b984a9d1b483","2fc97c9146e477bf673a38ff4f907ee52c8b587f65e94e7d2140da84deb9f03d","191826f17c2b3ae034fc36be13bebd5ed2ce4a679b5f539499592232a118f548","5bca207a3bc06154e391bb4d7a687d813b78ae498ff7ee7022b81cb6ae6d8802","c5695dfc7c3e65085b0aaccce72956ab11c95867679883d146b36d4bba81f73b","341d52628782f8ac9290bbfc43298afccb47b7cbfcee146ae30cf0f46bc30900","9535a233dc47e41f84ecce2d9973b26858cdc8fed6279bd2d2c02f4df8e1f4f8","db6c1f84df0dc75134dd5c97c3fe7dfbca728e42d21d47233b6ebed0b4b6b873","5f640b56e4c61376de499e6b318ce5af7008b8d266486ef8973302d593ab5bea"],"uploadUrl":"https://upload-firebasehosting.googleapis.com/upload/sites/paywithcrypto-9283c/versions/cfe72173699fec37/files"}
[debug] [2023-11-14T01:53:59.340Z] >>> [apiv2][query] POST https://upload-firebasehosting.googleapis.com/upload/sites/paywithcrypto-9283c/versions/cfe72173699fec37/files/3ce17ce4f9f8469a07489976a210e9e629b421529dcff999fe85d8e8b5fba0a3 [none]
[debug] [2023-11-14T01:53:59.340Z] >>> [apiv2][body] POST https://upload-firebasehosting.googleapis.com/upload/sites/paywithcrypto-9283c/versions/cfe72173699fec37/files/3ce17ce4f9f8469a07489976a210e9e629b421529dcff999fe85d8e8b5fba0a3 [stream]
[debug] [2023-11-14T01:53:59.342Z] >>> [apiv2][query] POST https://upload-firebasehosting.googleapis.com/upload/sites/paywithcrypto-9283c/versions/cfe72173699fec37/files/e6efd0a1f1cbe552062d5e3c3e5c4e39692472bcdf72ad41e93d4f99aecce3f4 [none]
[debug] [2023-11-14T01:53:59.342Z] >>> [apiv2][body] POST https://upload-firebasehosting.googleapis.com/upload/sites/paywithcrypto-9283c/versions/cfe72173699fec37/files/e6efd0a1f1cbe552062d5e3c3e5c4e39692472bcdf72ad41e93d4f99aecce3f4 [stream]
[debug] [2023-11-14T01:53:59.342Z] >>> [apiv2][query] POST https://upload-firebasehosting.googleapis.com/upload/sites/paywithcrypto-9283c/versions/cfe72173699fec37/files/9a1645b78a6a5d79a38d5c2fee1bd1e5aa62c0e85a6519bd869570fabc57b5ea [none]
[debug] [2023-11-14T01:53:59.343Z] >>> [apiv2][body] POST https://upload-firebasehosting.googleapis.com/upload/sites/paywithcrypto-9283c/versions/cfe72173699fec37/files/9a1645b78a6a5d79a38d5c2fee1bd1e5aa62c0e85a6519bd869570fabc57b5ea [stream]
[debug] [2023-11-14T01:53:59.343Z] >>> [apiv2][query] POST https://upload-firebasehosting.googleapis.com/upload/sites/paywithcrypto-9283c/versions/cfe72173699fec37/files/aa1d3a690d348eb7f4f5d6f493f59001725cfa52f2c1707c4781608556052b96 [none]
[debug] [2023-11-14T01:53:59.343Z] >>> [apiv2][body] POST https://upload-firebasehosting.googleapis.com/upload/sites/paywithcrypto-9283c/versions/cfe72173699fec37/files/aa1d3a690d348eb7f4f5d6f493f59001725cfa52f2c1707c4781608556052b96 [stream]
[debug] [2023-11-14T01:53:59.344Z] >>> [apiv2][query] POST https://upload-firebasehosting.googleapis.com/upload/sites/paywithcrypto-9283c/versions/cfe72173699fec37/files/0f3c566b5c690458cda4101e1b5951bdcbc18942a58eb01cf310ea5a077c1076 [none]
[debug] [2023-11-14T01:53:59.344Z] >>> [apiv2][body] POST https://upload-firebasehosting.googleapis.com/upload/sites/paywithcrypto-9283c/versions/cfe72173699fec37/files/0f3c566b5c690458cda4101e1b5951bdcbc18942a58eb01cf310ea5a077c1076 [stream]
[debug] [2023-11-14T01:53:59.345Z] >>> [apiv2][query] POST https://upload-firebasehosting.googleapis.com/upload/sites/paywithcrypto-9283c/versions/cfe72173699fec37/files/1419dbfb0583a81e57de16dbbd2f1a88116c20ec739e47034094d7796a8e7a23 [none]
[debug] [2023-11-14T01:53:59.345Z] >>> [apiv2][body] POST https://upload-firebasehosting.googleapis.com/upload/sites/paywithcrypto-9283c/versions/cfe72173699fec37/files/1419dbfb0583a81e57de16dbbd2f1a88116c20ec739e47034094d7796a8e7a23 [stream]
[debug] [2023-11-14T01:53:59.346Z] >>> [apiv2][query] POST https://upload-firebasehosting.googleapis.com/upload/sites/paywithcrypto-9283c/versions/cfe72173699fec37/files/d0c2d3ba1a4fe0601dad4a18a7584ae0fbedce8c3398cb18cc77bb3a73736f42 [none]
[debug] [2023-11-14T01:53:59.346Z] >>> [apiv2][body] POST https://upload-firebasehosting.googleapis.com/upload/sites/paywithcrypto-9283c/versions/cfe72173699fec37/files/d0c2d3ba1a4fe0601dad4a18a7584ae0fbedce8c3398cb18cc77bb3a73736f42 [stream]
[debug] [2023-11-14T01:53:59.347Z] >>> [apiv2][query] POST https://upload-firebasehosting.googleapis.com/upload/sites/paywithcrypto-9283c/versions/cfe72173699fec37/files/1a90a455e1f1685599cd80f5bde84de1e5af89fa0181d283d36325a319912066 [none]
[debug] [2023-11-14T01:53:59.347Z] >>> [apiv2][body] POST https://upload-firebasehosting.googleapis.com/upload/sites/paywithcrypto-9283c/versions/cfe72173699fec37/files/1a90a455e1f1685599cd80f5bde84de1e5af89fa0181d283d36325a319912066 [stream]
[debug] [2023-11-14T01:53:59.348Z] >>> [apiv2][query] POST https://upload-firebasehosting.googleapis.com/upload/sites/paywithcrypto-9283c/versions/cfe72173699fec37/files/322c6bb14bd5f64eb52e4498566840e8c55c7b2312a099aed862dbeff8052aba [none]
[debug] [2023-11-14T01:53:59.348Z] >>> [apiv2][body] POST https://upload-firebasehosting.googleapis.com/upload/sites/paywithcrypto-9283c/versions/cfe72173699fec37/files/322c6bb14bd5f64eb52e4498566840e8c55c7b2312a099aed862dbeff8052aba [stream]
[debug] [2023-11-14T01:53:59.349Z] >>> [apiv2][query] POST https://upload-firebasehosting.googleapis.com/upload/sites/paywithcrypto-9283c/versions/cfe72173699fec37/files/5747decf248858501db14b6c9319d1d266eedb52ba6c65b9d2195e741fd7d7b4 [none]
[debug] [2023-11-14T01:53:59.349Z] >>> [apiv2][body] POST https://upload-firebasehosting.googleapis.com/upload/sites/paywithcrypto-9283c/versions/cfe72173699fec37/files/5747decf248858501db14b6c9319d1d266eedb52ba6c65b9d2195e741fd7d7b4 [stream]
[debug] [2023-11-14T01:53:59.350Z] >>> [apiv2][query] POST https://upload-firebasehosting.googleapis.com/upload/sites/paywithcrypto-9283c/versions/cfe72173699fec37/files/05abdee92e1de98be8250f72320db29d4def06af8c062873a8df31de9cae9b72 [none]
[debug] [2023-11-14T01:53:59.350Z] >>> [apiv2][body] POST https://upload-firebasehosting.googleapis.com/upload/sites/paywithcrypto-9283c/versions/cfe72173699fec37/files/05abdee92e1de98be8250f72320db29d4def06af8c062873a8df31de9cae9b72 [stream]
[debug] [2023-11-14T01:53:59.350Z] >>> [apiv2][query] POST https://upload-firebasehosting.googleapis.com/upload/sites/paywithcrypto-9283c/versions/cfe72173699fec37/files/391d14b3c2f8c9143a27a28c7399585142228d4d1bdbe2c87ac946de411fa9a2 [none]
[debug] [2023-11-14T01:53:59.350Z] >>> [apiv2][body] POST https://upload-firebasehosting.googleapis.com/upload/sites/paywithcrypto-9283c/versions/cfe72173699fec37/files/391d14b3c2f8c9143a27a28c7399585142228d4d1bdbe2c87ac946de411fa9a2 [stream]
[debug] [2023-11-14T01:53:59.351Z] >>> [apiv2][query] POST https://upload-firebasehosting.googleapis.com/upload/sites/paywithcrypto-9283c/versions/cfe72173699fec37/files/44632cde104c8b69c62784853be64fe98f6181862921c8a55b5c37390bb6acf4 [none]
[debug] [2023-11-14T01:53:59.351Z] >>> [apiv2][body] POST https://upload-firebasehosting.googleapis.com/upload/sites/paywithcrypto-9283c/versions/cfe72173699fec37/files/44632cde104c8b69c62784853be64fe98f6181862921c8a55b5c37390bb6acf4 [stream]
[debug] [2023-11-14T01:53:59.351Z] >>> [apiv2][query] POST https://upload-firebasehosting.googleapis.com/upload/sites/paywithcrypto-9283c/versions/cfe72173699fec37/files/ae34b73b2553706b592eefbe665fe893b68b0e1f38b571babff6b984a9d1b483 [none]
[debug] [2023-11-14T01:53:59.351Z] >>> [apiv2][body] POST https://upload-firebasehosting.googleapis.com/upload/sites/paywithcrypto-9283c/versions/cfe72173699fec37/files/ae34b73b2553706b592eefbe665fe893b68b0e1f38b571babff6b984a9d1b483 [stream]
[debug] [2023-11-14T01:53:59.352Z] >>> [apiv2][query] POST https://upload-firebasehosting.googleapis.com/upload/sites/paywithcrypto-9283c/versions/cfe72173699fec37/files/2fc97c9146e477bf673a38ff4f907ee52c8b587f65e94e7d2140da84deb9f03d [none]
[debug] [2023-11-14T01:53:59.352Z] >>> [apiv2][body] POST https://upload-firebasehosting.googleapis.com/upload/sites/paywithcrypto-9283c/versions/cfe72173699fec37/files/2fc97c9146e477bf673a38ff4f907ee52c8b587f65e94e7d2140da84deb9f03d [stream]
[debug] [2023-11-14T01:53:59.353Z] >>> [apiv2][query] POST https://upload-firebasehosting.googleapis.com/upload/sites/paywithcrypto-9283c/versions/cfe72173699fec37/files/191826f17c2b3ae034fc36be13bebd5ed2ce4a679b5f539499592232a118f548 [none]
[debug] [2023-11-14T01:53:59.353Z] >>> [apiv2][body] POST https://upload-firebasehosting.googleapis.com/upload/sites/paywithcrypto-9283c/versions/cfe72173699fec37/files/191826f17c2b3ae034fc36be13bebd5ed2ce4a679b5f539499592232a118f548 [stream]
[debug] [2023-11-14T01:53:59.354Z] >>> [apiv2][query] POST https://upload-firebasehosting.googleapis.com/upload/sites/paywithcrypto-9283c/versions/cfe72173699fec37/files/5bca207a3bc06154e391bb4d7a687d813b78ae498ff7ee7022b81cb6ae6d8802 [none]
[debug] [2023-11-14T01:53:59.354Z] >>> [apiv2][body] POST https://upload-firebasehosting.googleapis.com/upload/sites/paywithcrypto-9283c/versions/cfe72173699fec37/files/5bca207a3bc06154e391bb4d7a687d813b78ae498ff7ee7022b81cb6ae6d8802 [stream]
[debug] [2023-11-14T01:53:59.354Z] >>> [apiv2][query] POST https://upload-firebasehosting.googleapis.com/upload/sites/paywithcrypto-9283c/versions/cfe72173699fec37/files/c5695dfc7c3e65085b0aaccce72956ab11c95867679883d146b36d4bba81f73b [none]
[debug] [2023-11-14T01:53:59.354Z] >>> [apiv2][body] POST https://upload-firebasehosting.googleapis.com/upload/sites/paywithcrypto-9283c/versions/cfe72173699fec37/files/c5695dfc7c3e65085b0aaccce72956ab11c95867679883d146b36d4bba81f73b [stream]
[debug] [2023-11-14T01:53:59.354Z] >>> [apiv2][query] POST https://upload-firebasehosting.googleapis.com/upload/sites/paywithcrypto-9283c/versions/cfe72173699fec37/files/341d52628782f8ac9290bbfc43298afccb47b7cbfcee146ae30cf0f46bc30900 [none]
[debug] [2023-11-14T01:53:59.354Z] >>> [apiv2][body] POST https://upload-firebasehosting.googleapis.com/upload/sites/paywithcrypto-9283c/versions/cfe72173699fec37/files/341d52628782f8ac9290bbfc43298afccb47b7cbfcee146ae30cf0f46bc30900 [stream]
[debug] [2023-11-14T01:53:59.355Z] >>> [apiv2][query] POST https://upload-firebasehosting.googleapis.com/upload/sites/paywithcrypto-9283c/versions/cfe72173699fec37/files/9535a233dc47e41f84ecce2d9973b26858cdc8fed6279bd2d2c02f4df8e1f4f8 [none]
[debug] [2023-11-14T01:53:59.355Z] >>> [apiv2][body] POST https://upload-firebasehosting.googleapis.com/upload/sites/paywithcrypto-9283c/versions/cfe72173699fec37/files/9535a233dc47e41f84ecce2d9973b26858cdc8fed6279bd2d2c02f4df8e1f4f8 [stream]
[debug] [2023-11-14T01:53:59.355Z] >>> [apiv2][query] POST https://upload-firebasehosting.googleapis.com/upload/sites/paywithcrypto-9283c/versions/cfe72173699fec37/files/db6c1f84df0dc75134dd5c97c3fe7dfbca728e42d21d47233b6ebed0b4b6b873 [none]
[debug] [2023-11-14T01:53:59.355Z] >>> [apiv2][body] POST https://upload-firebasehosting.googleapis.com/upload/sites/paywithcrypto-9283c/versions/cfe72173699fec37/files/db6c1f84df0dc75134dd5c97c3fe7dfbca728e42d21d47233b6ebed0b4b6b873 [stream]
[debug] [2023-11-14T01:53:59.355Z] >>> [apiv2][query] POST https://upload-firebasehosting.googleapis.com/upload/sites/paywithcrypto-9283c/versions/cfe72173699fec37/files/5f640b56e4c61376de499e6b318ce5af7008b8d266486ef8973302d593ab5bea [none]
[debug] [2023-11-14T01:53:59.355Z] >>> [apiv2][body] POST https://upload-firebasehosting.googleapis.com/upload/sites/paywithcrypto-9283c/versions/cfe72173699fec37/files/5f640b56e4c61376de499e6b318ce5af7008b8d266486ef8973302d593ab5bea [stream]
[debug] [2023-11-14T01:53:59.356Z] [hosting][populate queue][FINAL] {"max":2179,"min":2179,"avg":2179,"active":0,"complete":1,"success":1,"errored":0,"retried":0,"total":1,"elapsed":2195}
[debug] [2023-11-14T01:53:59.356Z] [hosting] uploads queued: 22
[debug] [2023-11-14T01:54:01.213Z] <<< [apiv2][status] POST https://upload-firebasehosting.googleapis.com/upload/sites/paywithcrypto-9283c/versions/cfe72173699fec37/files/2fc97c9146e477bf673a38ff4f907ee52c8b587f65e94e7d2140da84deb9f03d 200
[debug] [2023-11-14T01:54:01.214Z] <<< [apiv2][body] POST https://upload-firebasehosting.googleapis.com/upload/sites/paywithcrypto-9283c/versions/cfe72173699fec37/files/2fc97c9146e477bf673a38ff4f907ee52c8b587f65e94e7d2140da84deb9f03d [stream]
[debug] [2023-11-14T01:54:01.222Z] <<< [apiv2][status] POST https://upload-firebasehosting.googleapis.com/upload/sites/paywithcrypto-9283c/versions/cfe72173699fec37/files/341d52628782f8ac9290bbfc43298afccb47b7cbfcee146ae30cf0f46bc30900 200
[debug] [2023-11-14T01:54:01.222Z] <<< [apiv2][body] POST https://upload-firebasehosting.googleapis.com/upload/sites/paywithcrypto-9283c/versions/cfe72173699fec37/files/341d52628782f8ac9290bbfc43298afccb47b7cbfcee146ae30cf0f46bc30900 [stream]
[debug] [2023-11-14T01:54:01.223Z] <<< [apiv2][status] POST https://upload-firebasehosting.googleapis.com/upload/sites/paywithcrypto-9283c/versions/cfe72173699fec37/files/391d14b3c2f8c9143a27a28c7399585142228d4d1bdbe2c87ac946de411fa9a2 200
[debug] [2023-11-14T01:54:01.223Z] <<< [apiv2][body] POST https://upload-firebasehosting.googleapis.com/upload/sites/paywithcrypto-9283c/versions/cfe72173699fec37/files/391d14b3c2f8c9143a27a28c7399585142228d4d1bdbe2c87ac946de411fa9a2 [stream]
[debug] [2023-11-14T01:54:01.224Z] <<< [apiv2][status] POST https://upload-firebasehosting.googleapis.com/upload/sites/paywithcrypto-9283c/versions/cfe72173699fec37/files/322c6bb14bd5f64eb52e4498566840e8c55c7b2312a099aed862dbeff8052aba 200
[debug] [2023-11-14T01:54:01.224Z] <<< [apiv2][body] POST https://upload-firebasehosting.googleapis.com/upload/sites/paywithcrypto-9283c/versions/cfe72173699fec37/files/322c6bb14bd5f64eb52e4498566840e8c55c7b2312a099aed862dbeff8052aba [stream]
[debug] [2023-11-14T01:54:01.228Z] <<< [apiv2][status] POST https://upload-firebasehosting.googleapis.com/upload/sites/paywithcrypto-9283c/versions/cfe72173699fec37/files/db6c1f84df0dc75134dd5c97c3fe7dfbca728e42d21d47233b6ebed0b4b6b873 200
[debug] [2023-11-14T01:54:01.228Z] <<< [apiv2][body] POST https://upload-firebasehosting.googleapis.com/upload/sites/paywithcrypto-9283c/versions/cfe72173699fec37/files/db6c1f84df0dc75134dd5c97c3fe7dfbca728e42d21d47233b6ebed0b4b6b873 [stream]
[debug] [2023-11-14T01:54:01.253Z] <<< [apiv2][status] POST https://upload-firebasehosting.googleapis.com/upload/sites/paywithcrypto-9283c/versions/cfe72173699fec37/files/1a90a455e1f1685599cd80f5bde84de1e5af89fa0181d283d36325a319912066 200
[debug] [2023-11-14T01:54:01.254Z] <<< [apiv2][body] POST https://upload-firebasehosting.googleapis.com/upload/sites/paywithcrypto-9283c/versions/cfe72173699fec37/files/1a90a455e1f1685599cd80f5bde84de1e5af89fa0181d283d36325a319912066 [stream]
[debug] [2023-11-14T01:54:01.257Z] <<< [apiv2][status] POST https://upload-firebasehosting.googleapis.com/upload/sites/paywithcrypto-9283c/versions/cfe72173699fec37/files/e6efd0a1f1cbe552062d5e3c3e5c4e39692472bcdf72ad41e93d4f99aecce3f4 200
[debug] [2023-11-14T01:54:01.257Z] <<< [apiv2][body] POST https://upload-firebasehosting.googleapis.com/upload/sites/paywithcrypto-9283c/versions/cfe72173699fec37/files/e6efd0a1f1cbe552062d5e3c3e5c4e39692472bcdf72ad41e93d4f99aecce3f4 [stream]
[debug] [2023-11-14T01:54:01.264Z] <<< [apiv2][status] POST https://upload-firebasehosting.googleapis.com/upload/sites/paywithcrypto-9283c/versions/cfe72173699fec37/files/5f640b56e4c61376de499e6b318ce5af7008b8d266486ef8973302d593ab5bea 200
[debug] [2023-11-14T01:54:01.264Z] <<< [apiv2][body] POST https://upload-firebasehosting.googleapis.com/upload/sites/paywithcrypto-9283c/versions/cfe72173699fec37/files/5f640b56e4c61376de499e6b318ce5af7008b8d266486ef8973302d593ab5bea [stream]
[debug] [2023-11-14T01:54:01.321Z] <<< [apiv2][status] POST https://upload-firebasehosting.googleapis.com/upload/sites/paywithcrypto-9283c/versions/cfe72173699fec37/files/191826f17c2b3ae034fc36be13bebd5ed2ce4a679b5f539499592232a118f548 200
[debug] [2023-11-14T01:54:01.321Z] <<< [apiv2][body] POST https://upload-firebasehosting.googleapis.com/upload/sites/paywithcrypto-9283c/versions/cfe72173699fec37/files/191826f17c2b3ae034fc36be13bebd5ed2ce4a679b5f539499592232a118f548 [stream]
[debug] [2023-11-14T01:54:01.326Z] <<< [apiv2][status] POST https://upload-firebasehosting.googleapis.com/upload/sites/paywithcrypto-9283c/versions/cfe72173699fec37/files/aa1d3a690d348eb7f4f5d6f493f59001725cfa52f2c1707c4781608556052b96 200
[debug] [2023-11-14T01:54:01.326Z] <<< [apiv2][body] POST https://upload-firebasehosting.googleapis.com/upload/sites/paywithcrypto-9283c/versions/cfe72173699fec37/files/aa1d3a690d348eb7f4f5d6f493f59001725cfa52f2c1707c4781608556052b96 [stream]
[debug] [2023-11-14T01:54:01.340Z] <<< [apiv2][status] POST https://upload-firebasehosting.googleapis.com/upload/sites/paywithcrypto-9283c/versions/cfe72173699fec37/files/9a1645b78a6a5d79a38d5c2fee1bd1e5aa62c0e85a6519bd869570fabc57b5ea 200
[debug] [2023-11-14T01:54:01.340Z] <<< [apiv2][body] POST https://upload-firebasehosting.googleapis.com/upload/sites/paywithcrypto-9283c/versions/cfe72173699fec37/files/9a1645b78a6a5d79a38d5c2fee1bd1e5aa62c0e85a6519bd869570fabc57b5ea [stream]
[debug] [2023-11-14T01:54:01.344Z] <<< [apiv2][status] POST https://upload-firebasehosting.googleapis.com/upload/sites/paywithcrypto-9283c/versions/cfe72173699fec37/files/5bca207a3bc06154e391bb4d7a687d813b78ae498ff7ee7022b81cb6ae6d8802 200
[debug] [2023-11-14T01:54:01.345Z] <<< [apiv2][body] POST https://upload-firebasehosting.googleapis.com/upload/sites/paywithcrypto-9283c/versions/cfe72173699fec37/files/5bca207a3bc06154e391bb4d7a687d813b78ae498ff7ee7022b81cb6ae6d8802 [stream]
[debug] [2023-11-14T01:54:01.349Z] <<< [apiv2][status] POST https://upload-firebasehosting.googleapis.com/upload/sites/paywithcrypto-9283c/versions/cfe72173699fec37/files/d0c2d3ba1a4fe0601dad4a18a7584ae0fbedce8c3398cb18cc77bb3a73736f42 200
[debug] [2023-11-14T01:54:01.349Z] <<< [apiv2][body] POST https://upload-firebasehosting.googleapis.com/upload/sites/paywithcrypto-9283c/versions/cfe72173699fec37/files/d0c2d3ba1a4fe0601dad4a18a7584ae0fbedce8c3398cb18cc77bb3a73736f42 [stream]
[debug] [2023-11-14T01:54:01.349Z] <<< [apiv2][status] POST https://upload-firebasehosting.googleapis.com/upload/sites/paywithcrypto-9283c/versions/cfe72173699fec37/files/9535a233dc47e41f84ecce2d9973b26858cdc8fed6279bd2d2c02f4df8e1f4f8 200
[debug] [2023-11-14T01:54:01.349Z] <<< [apiv2][body] POST https://upload-firebasehosting.googleapis.com/upload/sites/paywithcrypto-9283c/versions/cfe72173699fec37/files/9535a233dc47e41f84ecce2d9973b26858cdc8fed6279bd2d2c02f4df8e1f4f8 [stream]
[debug] [2023-11-14T01:54:01.394Z] <<< [apiv2][status] POST https://upload-firebasehosting.googleapis.com/upload/sites/paywithcrypto-9283c/versions/cfe72173699fec37/files/c5695dfc7c3e65085b0aaccce72956ab11c95867679883d146b36d4bba81f73b 200
[debug] [2023-11-14T01:54:01.395Z] <<< [apiv2][body] POST https://upload-firebasehosting.googleapis.com/upload/sites/paywithcrypto-9283c/versions/cfe72173699fec37/files/c5695dfc7c3e65085b0aaccce72956ab11c95867679883d146b36d4bba81f73b [stream]
[debug] [2023-11-14T01:54:01.424Z] <<< [apiv2][status] POST https://upload-firebasehosting.googleapis.com/upload/sites/paywithcrypto-9283c/versions/cfe72173699fec37/files/5747decf248858501db14b6c9319d1d266eedb52ba6c65b9d2195e741fd7d7b4 200
[debug] [2023-11-14T01:54:01.425Z] <<< [apiv2][body] POST https://upload-firebasehosting.googleapis.com/upload/sites/paywithcrypto-9283c/versions/cfe72173699fec37/files/5747decf248858501db14b6c9319d1d266eedb52ba6c65b9d2195e741fd7d7b4 [stream]
[debug] [2023-11-14T01:54:01.442Z] <<< [apiv2][status] POST https://upload-firebasehosting.googleapis.com/upload/sites/paywithcrypto-9283c/versions/cfe72173699fec37/files/05abdee92e1de98be8250f72320db29d4def06af8c062873a8df31de9cae9b72 200
[debug] [2023-11-14T01:54:01.442Z] <<< [apiv2][body] POST https://upload-firebasehosting.googleapis.com/upload/sites/paywithcrypto-9283c/versions/cfe72173699fec37/files/05abdee92e1de98be8250f72320db29d4def06af8c062873a8df31de9cae9b72 [stream]
[debug] [2023-11-14T01:54:01.541Z] <<< [apiv2][status] POST https://upload-firebasehosting.googleapis.com/upload/sites/paywithcrypto-9283c/versions/cfe72173699fec37/files/1419dbfb0583a81e57de16dbbd2f1a88116c20ec739e47034094d7796a8e7a23 200
[debug] [2023-11-14T01:54:01.541Z] <<< [apiv2][body] POST https://upload-firebasehosting.googleapis.com/upload/sites/paywithcrypto-9283c/versions/cfe72173699fec37/files/1419dbfb0583a81e57de16dbbd2f1a88116c20ec739e47034094d7796a8e7a23 [stream]
[debug] [2023-11-14T01:54:01.714Z] <<< [apiv2][status] POST https://upload-firebasehosting.googleapis.com/upload/sites/paywithcrypto-9283c/versions/cfe72173699fec37/files/44632cde104c8b69c62784853be64fe98f6181862921c8a55b5c37390bb6acf4 200
[debug] [2023-11-14T01:54:01.714Z] <<< [apiv2][body] POST https://upload-firebasehosting.googleapis.com/upload/sites/paywithcrypto-9283c/versions/cfe72173699fec37/files/44632cde104c8b69c62784853be64fe98f6181862921c8a55b5c37390bb6acf4 [stream]
[debug] [2023-11-14T01:54:01.839Z] <<< [apiv2][status] POST https://upload-firebasehosting.googleapis.com/upload/sites/paywithcrypto-9283c/versions/cfe72173699fec37/files/3ce17ce4f9f8469a07489976a210e9e629b421529dcff999fe85d8e8b5fba0a3 200
[debug] [2023-11-14T01:54:01.840Z] <<< [apiv2][body] POST https://upload-firebasehosting.googleapis.com/upload/sites/paywithcrypto-9283c/versions/cfe72173699fec37/files/3ce17ce4f9f8469a07489976a210e9e629b421529dcff999fe85d8e8b5fba0a3 [stream]
[debug] [2023-11-14T01:54:02.047Z] <<< [apiv2][status] POST https://upload-firebasehosting.googleapis.com/upload/sites/paywithcrypto-9283c/versions/cfe72173699fec37/files/0f3c566b5c690458cda4101e1b5951bdcbc18942a58eb01cf310ea5a077c1076 200
[debug] [2023-11-14T01:54:02.047Z] <<< [apiv2][body] POST https://upload-firebasehosting.googleapis.com/upload/sites/paywithcrypto-9283c/versions/cfe72173699fec37/files/0f3c566b5c690458cda4101e1b5951bdcbc18942a58eb01cf310ea5a077c1076 [stream]
[debug] [2023-11-14T01:54:02.594Z] <<< [apiv2][status] POST https://upload-firebasehosting.googleapis.com/upload/sites/paywithcrypto-9283c/versions/cfe72173699fec37/files/ae34b73b2553706b592eefbe665fe893b68b0e1f38b571babff6b984a9d1b483 200
[debug] [2023-11-14T01:54:02.595Z] <<< [apiv2][body] POST https://upload-firebasehosting.googleapis.com/upload/sites/paywithcrypto-9283c/versions/cfe72173699fec37/files/ae34b73b2553706b592eefbe665fe893b68b0e1f38b571babff6b984a9d1b483 [stream]
[debug] [2023-11-14T01:54:02.595Z] [hosting][upload queue][FINAL] {"max":3256,"min":1875,"avg":2111.9545454545455,"active":0,"complete":22,"success":22,"errored":0,"retried":0,"total":22,"elapsed":3259}
[info] ✔  hosting[paywithcrypto-9283c]: file upload complete 
[debug] [2023-11-14T01:54:02.598Z] [hosting] deploy completed after 5664ms
[debug] [2023-11-14T01:54:02.599Z] [
  {
    "config": {
      "site": "paywithcrypto-9283c",
      "public": "build",
      "ignore": [
        "firebase.json",
        "**/.*",
        "**/node_modules/**"
      ],
      "rewrites": [
        {
          "source": "**",
          "destination": "/index.html"
        }
      ]
    },
    "version": "projects/1698450909/sites/paywithcrypto-9283c/versions/cfe72173699fec37"
  }
]
[info] i  hosting[paywithcrypto-9283c]: finalizing version... 
[debug] [2023-11-14T01:54:02.602Z] >>> [apiv2][query] PATCH https://firebasehosting.googleapis.com/v1beta1/projects/-/sites/paywithcrypto-9283c/versions/cfe72173699fec37 updateMask=status%2Cconfig
[debug] [2023-11-14T01:54:02.602Z] >>> [apiv2][body] PATCH https://firebasehosting.googleapis.com/v1beta1/projects/-/sites/paywithcrypto-9283c/versions/cfe72173699fec37 {"status":"FINALIZED","config":{"rewrites":[{"glob":"**","path":"/index.html"}]}}
[debug] [2023-11-14T01:54:04.786Z] <<< [apiv2][status] PATCH https://firebasehosting.googleapis.com/v1beta1/projects/-/sites/paywithcrypto-9283c/versions/cfe72173699fec37 200
[debug] [2023-11-14T01:54:04.786Z] <<< [apiv2][body] PATCH https://firebasehosting.googleapis.com/v1beta1/projects/-/sites/paywithcrypto-9283c/versions/cfe72173699fec37 {"name":"projects/1698450909/sites/paywithcrypto-9283c/versions/cfe72173699fec37","status":"FINALIZED","config":{"rewrites":[{"glob":"**","path":"/index.html"}]},"labels":{"deployment-tool":"cli-firebase"},"createTime":"2023-11-14T01:52:44.229793Z","createUser":{"email":"fancaipei@gmail.com"},"finalizeTime":"2023-11-14T01:54:04.864862Z","finalizeUser":{"email":"fancaipei@gmail.com"}}
[debug] [2023-11-14T01:54:04.786Z] [hosting] finalized version for paywithcrypto-9283c:[object Object]
[info] ✔  hosting[paywithcrypto-9283c]: version finalized 
[info] i  hosting[paywithcrypto-9283c]: releasing new version... 
[debug] [2023-11-14T01:54:04.788Z] >>> [apiv2][query] POST https://firebasehosting.googleapis.com/v1beta1/projects/-/sites/paywithcrypto-9283c/channels/live/releases versionName=projects%2F1698450909%2Fsites%2Fpaywithcrypto-9283c%2Fversions%2Fcfe72173699fec37
[debug] [2023-11-14T01:54:04.788Z] >>> [apiv2][body] POST https://firebasehosting.googleapis.com/v1beta1/projects/-/sites/paywithcrypto-9283c/channels/live/releases {}
[debug] [2023-11-14T01:54:07.285Z] <<< [apiv2][status] POST https://firebasehosting.googleapis.com/v1beta1/projects/-/sites/paywithcrypto-9283c/channels/live/releases 200
[debug] [2023-11-14T01:54:07.286Z] <<< [apiv2][body] POST https://firebasehosting.googleapis.com/v1beta1/projects/-/sites/paywithcrypto-9283c/channels/live/releases {"name":"projects/1698450909/sites/paywithcrypto-9283c/channels/live/releases/1699926846695000","version":{"name":"projects/1698450909/sites/paywithcrypto-9283c/versions/cfe72173699fec37","status":"FINALIZED","config":{"rewrites":[{"glob":"**","path":"/index.html"}]},"labels":{"deployment-tool":"cli-firebase"},"createTime":"2023-11-14T01:52:44.229793Z","createUser":{"email":"fancaipei@gmail.com","imageUrl":"https://lh3.googleusercontent.com/a/ACg8ocLJ6bZUYAeRrKkjzg83LlWMelJppp4YLY-uqJ80rz96pVQ"},"finalizeTime":"2023-11-14T01:54:04.864862Z","finalizeUser":{"email":"fancaipei@gmail.com","imageUrl":"https://lh3.googleusercontent.com/a/ACg8ocLJ6bZUYAeRrKkjzg83LlWMelJppp4YLY-uqJ80rz96pVQ"}},"type":"DEPLOY","releaseTime":"2023-11-14T01:54:06.695Z","releaseUser":{"email":"fancaipei@gmail.com","imageUrl":"https://lh3.googleusercontent.com/a/ACg8ocLJ6bZUYAeRrKkjzg83LlWMelJppp4YLY-uqJ80rz96pVQ"}}
[debug] [2023-11-14T01:54:07.286Z] [hosting] release: {"name":"projects/1698450909/sites/paywithcrypto-9283c/channels/live/releases/1699926846695000","version":{"name":"projects/1698450909/sites/paywithcrypto-9283c/versions/cfe72173699fec37","status":"FINALIZED","config":{"rewrites":[{"glob":"**","path":"/index.html"}]},"labels":{"deployment-tool":"cli-firebase"},"createTime":"2023-11-14T01:52:44.229793Z","createUser":{"email":"fancaipei@gmail.com","imageUrl":"https://lh3.googleusercontent.com/a/ACg8ocLJ6bZUYAeRrKkjzg83LlWMelJppp4YLY-uqJ80rz96pVQ"},"finalizeTime":"2023-11-14T01:54:04.864862Z","finalizeUser":{"email":"fancaipei@gmail.com","imageUrl":"https://lh3.googleusercontent.com/a/ACg8ocLJ6bZUYAeRrKkjzg83LlWMelJppp4YLY-uqJ80rz96pVQ"}},"type":"DEPLOY","releaseTime":"2023-11-14T01:54:06.695Z","releaseUser":{"email":"fancaipei@gmail.com","imageUrl":"https://lh3.googleusercontent.com/a/ACg8ocLJ6bZUYAeRrKkjzg83LlWMelJppp4YLY-uqJ80rz96pVQ"}}
[info] ✔  hosting[paywithcrypto-9283c]: release complete 
[info] 
[info] ✔  Deploy complete! 
[info] 
[info] Project Console: https://console.firebase.google.com/project/paywithcrypto-9283c/overview
[info] Hosting URL: https://paywithcrypto-9283c.web.app
[debug] [2023-11-14T01:55:32.896Z] Error: Timed out.
    at Timeout._onTimeout (/Users/caipei/.nvm/versions/node/v19.8.1/lib/node_modules/firebase-tools/lib/utils.js:254:49)
    at listOnTimeout (node:internal/timers:573:17)
    at process.processTimers (node:internal/timers:514:7)
[error] 
[error] Error: An unexpected error has occurred.
